    Blocking waiting for file lock on package cache
    Blocking waiting for file lock on package cache
    Blocking waiting for file lock on package cache
   Compiling ergo-sandbox v0.3.0 (/home/rkadias/coding/ergo-forge/ergo-sandbox)
    Finished `release` profile [optimized] target(s) in 2.71s
     Running tests/mapping_inventory.rs (target-p00/release/deps/mapping_inventory-5046a3df6ee52135)

running 4 tests
test inventory_has_32_pinned_cases_and_independent_answers ... ok
test protected_policy_rejects_unauthorized_additions_and_mutations ... ok
test legacy_metrics_are_measured_without_baseline_changes ... ok
test fixture_constructs_execute_and_unsupported_members_remain ... ok

successes:

---- inventory_has_32_pinned_cases_and_independent_answers stdout ----
evidence /home/rkadias/coding/ergo-forge/ergo-sandbox/tests/fixtures/mapping/manifest.json sha256=7f956f559b3912348f6759ab0e1855cd90056fcbf94fe47c2305fb668805c53f
evidence /home/rkadias/coding/ergo-forge/ergo-sandbox/tests/fixtures/mapping/expected.json sha256=291923d76f2de8a69deec82cc049d233d87d91f816295312ed89f9291e13405e
32 cases / 16 paired families; missing, duplicate, altered fixture and altered answer rejected

---- protected_policy_rejects_unauthorized_additions_and_mutations stdout ----
original P/M registrations, P05 resolution, exact D00 additions, every protected field: tampering rejected by the real authentication function

---- legacy_metrics_are_measured_without_baseline_changes stdout ----
evidence /home/rkadias/coding/ergo-forge/ergo-sandbox/tests/fixtures/mapping/legacy-results.json sha256=76f8c817944be882fbc4f726d7016ffd55d244c307a68b85729804d8a98f2150
{"actionSetAccuracy":null,"caseAccounting":{"denominator":32,"meaning":"fixture harness accounting, not mapping completeness","numerator":32},"closedFixtureReachability":{"denominator":31,"denominatorIds":["literal_spend-positive/B","literal_spend-control/B","self_alias-positive/B","action_alternatives-positive/B","action_alternatives-positive/C","action_alternatives-control/B","action_alternatives-control/C","data_only-positive/B","data_only-control/B","output_only-positive/B","output_only-control/B","dead_check-positive/B","dead_check-control/B","script_identity-positive/B","script_identity-control/C","token_identity-positive/B","token_identity-positive/C","token_identity-control/B","token_identity-control/C","tokenless-positive/B","exists_literal-positive/B","exists_literal-control/B","computed_index-positive/B","computed_index-control/B","register_identity-positive/B","register_identity-positive/C","register_identity-control/C","register_identity-control/U","context_code-positive/B","context_code-control/B","snapshot_collision-positive/B"],"numerator":4,"numeratorIds":["token_identity-positive/B","token_identity-positive/C","token_identity-control/B","token_identity-control/C"],"rate":0.12903225806451613},"dynamicTupleRecovery":{"denominator":15,"denominatorIds":["self_alias-positive/[\"A\",\"B\"]","token_identity-positive/[\"A\",\"B\"]","token_identity-positive/[\"A\",\"C\"]","token_identity-control/[\"A\",\"B\"]","token_identity-control/[\"A\",\"C\"]","exists_literal-positive/[\"A\",\"B\"]","exists_literal-control/[\"A\",\"B\"]","computed_index-positive/[\"A\",\"B\"]","computed_index-control/[\"A\",\"B\"]","register_identity-positive/[\"A\",\"B\"]","register_identity-positive/[\"A\",\"C\"]","register_identity-control/[\"A\",\"C\"]","register_identity-control/[\"A\",\"U\"]","context_code-positive/[\"A\",\"B\"]","context_code-control/[\"A\",\"B\"]"],"numerator":0,"numeratorIds":[],"rate":0.0},"falseProposal":{"adjudicatedIds":[],"denominator":21,"falseIds":[],"meaning":"unresolved targets remain unadjudicated; never call this zero false proposals","numerator":0,"rate":null,"unadjudicatedIds":["literal_spend-positive/edge/0","literal_spend-control/edge/0","action_alternatives-positive/edge/0","action_alternatives-control/edge/0","data_only-positive/edge/0","data_only-control/edge/0","output_only-positive/edge/0","output_only-control/edge/0","dead_check-positive/edge/0","script_identity-positive/edge/0","script_identity-control/edge/0","token_identity-positive/edge/0","tokenless-positive/edge/0","tokenless-control/edge/0","register_identity-positive/edge/0","register_identity-positive/edge/1","register_identity-control/edge/0","register_identity-control/edge/1","context_code-positive/edge/0","context_code-control/edge/0","snapshot_collision-positive/edge/0"]},"legacySiteObservation":{"denominator":52,"denominatorIds":["literal_spend-positive/site/0","literal_spend-positive/site/1","literal_spend-control/site/0","literal_spend-control/site/1","self_alias-positive/site/0","self_alias-control/site/0","action_alternatives-positive/site/0","action_alternatives-positive/site/1","action_alternatives-positive/site/2","action_alternatives-control/site/0","action_alternatives-control/site/1","action_alternatives-control/site/2","data_only-positive/site/0","data_only-positive/site/1","data_only-control/site/0","output_only-positive/site/0","output_only-positive/site/1","output_only-control/site/0","dead_check-positive/site/0","dead_check-positive/site/1","dead_check-control/site/0","script_identity-positive/site/0","script_identity-control/site/0","token_identity-positive/site/0","token_identity-control/site/0","tokenless-positive/site/0","tokenless-positive/site/1","tokenless-control/site/0","exists_literal-positive/site/0","exists_literal-control/site/0","computed_index-positive/site/0","computed_index-control/site/0","register_identity-positive/site/0","register_identity-positive/site/1","register_identity-positive/site/2","register_identity-control/site/0","register_identity-control/site/1","context_code-positive/site/0","context_code-positive/site/1","context_code-positive/site/2","context_code-control/site/0","context_code-control/site/1","context_code-control/site/2","context_scope-positive/site/0","context_scope-positive/site/1","context_scope-control/site/0","context_scope-control/site/1","avl_identity-positive/site/0","avl_identity-control/site/0","snapshot_collision-positive/site/0","snapshot_collision-positive/site/1","snapshot_collision-control/site/0"],"numerator":35,"numeratorIds":["literal_spend-positive/site/0","literal_spend-positive/site/1","literal_spend-control/site/0","literal_spend-control/site/1","action_alternatives-positive/site/0","action_alternatives-positive/site/1","action_alternatives-positive/site/2","action_alternatives-control/site/0","action_alternatives-control/site/1","action_alternatives-control/site/2","data_only-positive/site/0","data_only-positive/site/1","data_only-control/site/0","output_only-positive/site/0","output_only-positive/site/1","output_only-control/site/0","dead_check-positive/site/0","dead_check-positive/site/1","script_identity-positive/site/0","script_identity-control/site/0","token_identity-positive/site/0","tokenless-positive/site/0","tokenless-positive/site/1","tokenless-control/site/0","register_identity-positive/site/0","register_identity-positive/site/1","register_identity-positive/site/2","register_identity-control/site/0","register_identity-control/site/1","context_code-positive/site/0","context_code-positive/site/1","context_code-control/site/0","context_code-control/site/1","snapshot_collision-positive/site/0","snapshot_collision-positive/site/1"],"rate":0.6730769230769231},"m02SupportedReachability":{"denominator":23,"denominatorIds":["literal_spend-positive/B","literal_spend-control/B","self_alias-positive/B","action_alternatives-positive/B","action_alternatives-positive/C","action_alternatives-control/B","action_alternatives-control/C","data_only-positive/B","data_only-control/B","output_only-positive/B","output_only-control/B","dead_check-positive/B","dead_check-control/B","script_identity-positive/B","script_identity-control/C","token_identity-positive/B","token_identity-positive/C","token_identity-control/B","token_identity-control/C","tokenless-positive/B","exists_literal-positive/B","exists_literal-control/B","snapshot_collision-positive/B"],"numerator":4,"numeratorIds":["token_identity-positive/B","token_identity-positive/C","token_identity-control/B","token_identity-control/C"],"rate":0.17391304347826086},"necessityRecall":null,"omissionRefutation":null,"promotedFalseRelation":{"denominator":0,"numerator":0,"rate":null,"reason":"no relation API exists"},"unavailableReason":"legacy API produces neither checked necessities, action checks nor node-accepted omission witnesses; whole-chain denominator unknown","wholeDeployedProtocolCompleteness":null}

---- fixture_constructs_execute_and_unsupported_members_remain stdout ----
67 real engine vectors across 32 cases; 18 unsupported members retained: [String("literal_spend-control"), String("self_alias-control"), String("action_alternatives-control"), String("data_only-control"), String("output_only-control"), String("dead_check-control"), String("script_identity-control"), String("token_identity-control"), String("tokenless-control"), String("exists_literal-control"), String("computed_index-positive"), String("computed_index-control"), String("register_identity-control"), String("context_code-control"), String("context_scope-control"), String("avl_identity-positive"), String("avl_identity-control"), String("snapshot_collision-control")]; scenario reduction only, no node acceptance or necessity certification
evidence /home/rkadias/coding/ergo-forge/ergo-sandbox/tests/fixtures/mapping/manifest.json sha256=7f956f559b3912348f6759ab0e1855cd90056fcbf94fe47c2305fb668805c53f
evidence /home/rkadias/coding/ergo-forge/ergo-sandbox/tests/fixtures/mapping/expected.json sha256=291923d76f2de8a69deec82cc049d233d87d91f816295312ed89f9291e13405e


successes:
    fixture_constructs_execute_and_unsupported_members_remain
    inventory_has_32_pinned_cases_and_independent_answers
    legacy_metrics_are_measured_without_baseline_changes
    protected_policy_rejects_unauthorized_additions_and_mutations

test result: ok. 4 passed; 0 failed; 0 ignored; 0 measured; 0 filtered out; finished in 0.03s

     Running tests/property_inventory.rs (target-p00/release/deps/property_inventory-62b039648753cfa3)

running 3 tests
test property_inventory_pins_24_cases_and_independent_answers ... ok
test transfer_registration_and_exposure_are_accounted ... ok
test reference_executions_and_legacy_results_are_reproduced ... ok

successes:

---- property_inventory_pins_24_cases_and_independent_answers stdout ----
manifest sha256=72609b827694feca9fb78ae440afc69644abb29238d9fd48dd7fe3467658304f; answers sha256=311f160e08a8875de546263474fb10ec621e881b34afc28bb65323db32c7f319; 24 pinned rows: 8 authored violations, 8 controls, 8 boundaries; independent semantic review incomplete

---- transfer_registration_and_exposure_are_accounted stdout ----
transfer planned 2; denominator null; no accepted pair, independent reviewer or utility credit; checkpoint must cancel capabilities 2 and 3 for this arc if this registration remains

---- reference_executions_and_legacy_results_are_reproduced stdout ----
35 individually accepted references / 24 rows; legacy extraction statuses {"accepted-nonviolating": 33, "confirmed-violation": 2}; legacy-results sha256=9a2031b9324ab62b9bb91f7cf6960aa8a00209148b1b2eca0c1dfbd6323ea451; no linked-trace or new-property evaluation


successes:
    property_inventory_pins_24_cases_and_independent_answers
    reference_executions_and_legacy_results_are_reproduced
    transfer_registration_and_exposure_are_accounted

test result: ok. 3 passed; 0 failed; 0 ignored; 0 measured; 0 filtered out; finished in 0.04s

