A: stopped: recorded stop blocks this unit
scoreboard: passed
A: stopped: recorded stop blocks this unit
report: <tmp>/tmp16l2k97v/report.json
A: stopped: recorded stop blocks this unit
scoreboard: passed
A: stopped: recorded stop blocks this unit
report: <tmp>/tmp9i1mgxy3/report.json
A: stopped: recorded stop blocks this unit
scoreboard: passed
A: stopped: recorded stop blocks this unit
report: <tmp>/tmpd9m7v4b1/report.json
A: unimplemented: registered product unit is not implemented
..scoreboard: passed
A: unimplemented: registered product unit is not implemented
report: <tmp>/tmp3w5ecqb9/report.json
policy/evidence: missing-gate: stop evidence hash mismatch
report: <tmp>/tmpdt9rb_rb/ci.json
A: failed: test failure
scoreboard: passed
A: failed: test failure
report: <tmp>/tmpg3qa000s/report.json
A: missing-gate: test failure
scoreboard: passed
A: missing-gate: test failure
report: <tmp>/tmp2a00f74r/report.json
A: stopped: recorded stop blocks this unit
B: unimplemented: registered product unit is not implemented
scoreboard: passed
A: stopped: recorded stop blocks this unit
B: unimplemented: registered product unit is not implemented
report: <tmp>/tmpv5_wwkc_/report.json
A: stopped: recorded stop blocks this unit
B: blocked: dependency did not pass
scoreboard: passed
A: stopped: recorded stop blocks this unit
B: blocked: dependency did not pass
report: <tmp>/tmp9wej_9z0/report.json
A: passed: required tests executed
..................
----------------------------------------------------------------------
Ran 20 tests in 0.058s

OK
scoreboard: passed
A: passed: required tests executed
report: <tmp>/tmplr1bv7uj/report.json
policy/evidence: missing-gate: 'list' object has no attribute 'values'
report: <tmp>/tmpum328jhd/nested/report.json
policy/evidence: missing-gate: 'NoneType' object has no attribute 'keys'
report: <tmp>/tmpnp2p4oxg/nested/report.json
policy/evidence: missing-gate: division by zero
report: <tmp>/tmpouwhl1l7/nested/report.json
