49e2df016b7f2ff40d28a6a39d38f8a8b952cecaa437d687b0bd67d92f7109c8  Cargo.lock  unchanged from HEAD
16ae51217dfcfb23e6296fbce14d2431da63715a7b35c2a07a2ebe635496a448  Cargo.toml  unchanged from HEAD
46f295bbcbc99324bea21000755259828d663cac68753cec80779d1d642249b0  docs/discovery/original-policy.json  unchanged from HEAD
9657cd03e5639911635d460db685ed573f1f985c785ebb34a357f2ed8ef28286  docs/discovery/permitted-d00-resolution.json  unchanged from HEAD
4cc60a3f4b342aebe85b91a17ff64c7b79d6fcace73ad0518e7c49e3a57c134d  docs/roadmap-metrics.json  unchanged from HEAD
bb2f027b58ae71563d6f4102d58506510825cfc4a1f79d00959269021808baac  docs/roadmap-stops.json  unchanged from HEAD
0e0aada78266f1080ca28903d79c38757c29d75141c8d605c403d5e716c15cff  ergo-sandbox/Cargo.toml  unchanged from HEAD
9d9cedf69a4d8c745c3d81fb6327a28ccdd304bcaa343b0076476e6cbe4739b9  ergo-sandbox/src/compile.rs  unchanged from HEAD
a4bd5975c2e2d2f1e7a88bef945d886148d923085e79df29a52f41854268f2e1  ergo-sandbox/src/evidence/case.rs  unchanged from HEAD
c78d9f131149601a0bb14030991be742964c9fc4fc2dd8ee342f2d2f00c092c2  ergo-sandbox/src/evidence/claim.rs  unchanged from HEAD
f72f25906a120bc84d205e564f9214ec72d738cb8b4b2d2c5b24b95f67eae6b7  ergo-sandbox/src/evidence/mod.rs  unchanged from HEAD
9f4f7764d5e7b970e3969e7f96f9a81376c4333175903f01989212001df7e0e6  ergo-sandbox/src/evidence/promotion.rs  unchanged from HEAD
b32e6af828eee12ff06aead54c4c6a16d0a5f66976a1e0a7e719635e228576d8  ergo-sandbox/src/evidence/replay.rs  unchanged from HEAD
b7c9277a449ffcaab10e5a2b34b79c7bd0431288db8abe56156bdb946e8f860d  ergo-sandbox/src/evidence/sign.rs  unchanged from HEAD
7553e745d581cc05e43cd03232a61e5b8641fd05cc5763fb9112b864d285e278  ergo-sandbox/src/evidence/validate.rs  unchanged from HEAD
d02ec5e6f69818dd508e454919a3dea13b5e63f4503cb0c93e657eb858001306  ergo-sandbox/src/evidence/wire.rs  unchanged from HEAD
291923d76f2de8a69deec82cc049d233d87d91f816295312ed89f9291e13405e  ergo-sandbox/tests/fixtures/mapping/expected.json  unchanged from HEAD
76f8c817944be882fbc4f726d7016ffd55d244c307a68b85729804d8a98f2150  ergo-sandbox/tests/fixtures/mapping/legacy-results.json  unchanged from HEAD
7f956f559b3912348f6759ab0e1855cd90056fcbf94fe47c2305fb668805c53f  ergo-sandbox/tests/fixtures/mapping/manifest.json  unchanged from HEAD
ac4bbed03a2c944689489313938dfaa1ce5a4bb2baa5caec3d47f92cf4d98dfe  ergo-sandbox/tests/fixtures/properties/authored-inputs.json  unchanged from HEAD
d8c8c9424c61062bf21e942ed206c3616ec3b45fb284714c8603784f6cf3d569  ergo-sandbox/tests/fixtures/properties/cases/ambiguous_role.fixture  unchanged from HEAD
37eeca4f7b12980b03303990effccc856904bf24807ebe8f5706bc00a3c1b274  ergo-sandbox/tests/fixtures/properties/cases/arithmetic_overflow.fixture  unchanged from HEAD
5c5c1ae38e865190b17bd6e4cce244a673b78a1d2bebdf9ed458a0b7957140b6  ergo-sandbox/tests/fixtures/properties/cases/bounded_response_control_1.fixture  unchanged from HEAD
77fa289009100157f2c4c2624ba0c574c8b723de222bbc2cec7b916a5bbb9ac2  ergo-sandbox/tests/fixtures/properties/cases/bounded_response_control_2.fixture  unchanged from HEAD
378ee8c47eeae50bf80e6487142b07e2e7f7acb1673253943440131a00156d2c  ergo-sandbox/tests/fixtures/properties/cases/bounded_response_violation_1.fixture  unchanged from HEAD
dfa2b49ae8e96fce415fd8a720ab8aac2ceb6a1f4b7cad12732b6f9caa44a167  ergo-sandbox/tests/fixtures/properties/cases/bounded_response_violation_2.fixture  unchanged from HEAD
6b67160001206a392dad129cd73eb0950ddb6684cbde58a1d5f7b6f8ada43bf8  ergo-sandbox/tests/fixtures/properties/cases/continuation_control_1.fixture  unchanged from HEAD
507e588a146eceff85d9eec2ae4dab44844480846ff8b6e47fb786c5a1fab773  ergo-sandbox/tests/fixtures/properties/cases/continuation_control_2.fixture  unchanged from HEAD
65b367c31fbab1c282630ad0a93b9ac0c06990ceba0b84d6e46e7a3f3d3b40ec  ergo-sandbox/tests/fixtures/properties/cases/continuation_violation_1.fixture  unchanged from HEAD
5b82dc43e20423b5a2d3d3eee3b05567e14df45d2368203a8799152777ae3889  ergo-sandbox/tests/fixtures/properties/cases/continuation_violation_2.fixture  unchanged from HEAD
2207c69bd86500dc27d5891c544d32ba86e58ba8f8da80ea2bc2de41529e95ee  ergo-sandbox/tests/fixtures/properties/cases/false_guard.fixture  unchanged from HEAD
392ea0b29c3e1abcbbb01944b1f0a3bd5e12950521d13659ce7b14c44fc7c8f9  ergo-sandbox/tests/fixtures/properties/cases/issuance_control_1.fixture  unchanged from HEAD
271075eebb758e91ce6019c78e91d74af05b97dddde549cee17675d6aeb101a8  ergo-sandbox/tests/fixtures/properties/cases/issuance_control_2.fixture  unchanged from HEAD
b9b2a2e4482f4d4804665471728c5b45e3efeb43fd4035a9a84c7d0e98059ecd  ergo-sandbox/tests/fixtures/properties/cases/issuance_violation_1.fixture  unchanged from HEAD
0efa259637d0508317855b6d4a633eb5024ac011d684709cd84f380d4447b492  ergo-sandbox/tests/fixtures/properties/cases/issuance_violation_2.fixture  unchanged from HEAD
7d463960d53dd83bd11da6052d5a087d9c01388a82ddcb2af364f75a3a3be887  ergo-sandbox/tests/fixtures/properties/cases/missing_role.fixture  unchanged from HEAD
8f17ca82c1c3ffcccab701ea1f728563b1d837d4abd4d7310786927388311a4c  ergo-sandbox/tests/fixtures/properties/cases/reserve_control_1.fixture  unchanged from HEAD
6124e1b876b5b148131598b1ac29ec1107405272c773f91393db869e70cfb062  ergo-sandbox/tests/fixtures/properties/cases/reserve_control_2.fixture  unchanged from HEAD
7307f2cbc1f434b435ba9f697b94b0637dc0d2e503f19e9ef5aa74e9fd101710  ergo-sandbox/tests/fixtures/properties/cases/reserve_violation_1.fixture  unchanged from HEAD
a538d51489682683fa1ad1c43cd1a13ad8f82f2ce64a285dac24ccc5f453db5e  ergo-sandbox/tests/fixtures/properties/cases/reserve_violation_2.fixture  unchanged from HEAD
1836da8e8236459e01fece574f38fe588e2d784e6285051af32d3bcb6abe3181  ergo-sandbox/tests/fixtures/properties/cases/short_response_horizon.fixture  unchanged from HEAD
4617c41c425b3f64a71df51c4fa4c2f32cdb34a5267c73cde1d57b42bd8abcab  ergo-sandbox/tests/fixtures/properties/cases/unbounded_eventuality.fixture  unchanged from HEAD
49c77095feaada982cec46a3a2e233a14e50ea5666e2e9453046cf31abcab199  ergo-sandbox/tests/fixtures/properties/cases/unsupported_dynamic_expression.fixture  unchanged from HEAD
0be2ae490b3f8b0c9fe1474e8fd3aa98e023597d801513e4205f9bd044aea348  ergo-sandbox/tests/fixtures/properties/cases/wrong_register_type.fixture  unchanged from HEAD
311f160e08a8875de546263474fb10ec621e881b34afc28bb65323db32c7f319  ergo-sandbox/tests/fixtures/properties/expected.json  unchanged from HEAD
9a2031b9324ab62b9bb91f7cf6960aa8a00209148b1b2eca0c1dfbd6323ea451  ergo-sandbox/tests/fixtures/properties/legacy-results-raw.fixture  unchanged from HEAD
726769c5c7baf12443a3d5ce287e29ee67d924fd600ffe156c217fe59518616a  ergo-sandbox/tests/fixtures/properties/legacy-results.json  unchanged from HEAD
72609b827694feca9fb78ae440afc69644abb29238d9fd48dd7fe3467658304f  ergo-sandbox/tests/fixtures/properties/manifest.json  unchanged from HEAD
4b8a0ba4b393b155cb4324caa0698452dc601a3e849590a813536321a97f1ead  ergo-sandbox/tests/fixtures/properties/transfer-registration.json  unchanged from HEAD
e7f31518f021dca2d74ce4267126313f1624f091b6cedda0246e8115ead3c3d5  examples/mutants/answer-key.json  unchanged from HEAD
335eff0db14727f6c110f31eb3f9af4aac3dc4e341d84ed0e75eadc8081388bb  scripts/roadmap_gate.py  unchanged from HEAD
4db1bf0934895a6744f2544a012e179777df2b29f783bbce5a6fe9a0295b6e4e  scripts/test_roadmap_gate.py  unchanged from HEAD
Complete prior policy preserved: only exact D01 registration and completedThrough differ.
M00 protected anchor remains 41729240759244bd3edc833e31359bfe50d8430f0b5a2e27ebc727706363cd10.
Tracked-file changes restricted to ROADMAP, module export, permitted-additions authentication/regressions.
