   Compiling ergo-sandbox v0.3.0 (<repo>/ergo-sandbox)
    Finished `release` profile [optimized] target(s) in 1.83s
     Running tests/claim_contract.rs (target-p00/release/deps/claim_contract-67314c4a30c78ca0)
legacy_record_cannot_import_as_verified: test
legacy_results_are_explicitly_preflight_or_simulation: test
scenario_reproduction_is_not_confirmation: test

3 tests, 0 benchmarks
    Finished `release` profile [optimized] target(s) in 0.07s
     Running tests/claim_contract.rs (target-p00/release/deps/claim_contract-67314c4a30c78ca0)

running 3 tests
test legacy_record_cannot_import_as_verified ... ok
test legacy_results_are_explicitly_preflight_or_simulation ... ok
test scenario_reproduction_is_not_confirmation ... ok

successes:

---- legacy_record_cannot_import_as_verified stdout ----
stored confirmed records and imported authority fields rejected; replay request required

---- legacy_results_are_explicitly_preflight_or_simulation stdout ----
positive and negative legacy envelopes: explicit method/provenance, nodeValidated=false

---- scenario_reproduction_is_not_confirmation stdout ----
formatVersion=2 state=reproduced-in-scenario preflightPassed=true nodeValidated=false


successes:
    legacy_record_cannot_import_as_verified
    legacy_results_are_explicitly_preflight_or_simulation
    scenario_reproduction_is_not_confirmation

test result: ok. 3 passed; 0 failed; 0 ignored; 0 measured; 0 filtered out; finished in 0.06s

.........F......
======================================================================
FAIL: test_resolution_requires_exact_policy_record_and_decision (test_roadmap_gate.RoadmapGateTests.test_resolution_requires_exact_policy_record_and_decision)
----------------------------------------------------------------------
Traceback (most recent call last):
  File "<repo>/scripts/test_roadmap_gate.py", line 150, in test_resolution_requires_exact_policy_record_and_decision
    self.assertEqual(gate.stop_records(self.policy), [])
    ~~~~~~~~~~~~~~~~^^^^^^^^^^^^^^^^^^^^^^^^^^^^^^^^^^^^
AssertionError: Lists differ: [{'unitOrProposal': 'M05', 'reasonCode': '[3380 chars]n.'}] != []

First list contains 1 additional elements.
First extra element 0:
{'unitOrProposal': 'M05', 'reasonCode': 'coverage-gate', 'attemptCommit': '0add2ebbcb535d63f2af8819f75ba9afaec67326', 'daysSpent': 1, 'gateResults': [{'command': ['cargo', 'test', '-p', 'ergo-sandbox', '--release', '--test', 'mapping_context_boundary', '--', '--show-output'], 'exitCode': 0, 'evidenceHashes': {'ergo-sandbox/tests/mapping_context_boundary.rs': '207723a25d8a71b06ba6dda05c558c9469985a1c485d93e219cf867ffe77ef90', 'docs/mapping/m05-stop-results.json': '2ebb00ce2d46a258f45b36f40f0f8b7994698d0f5ad6f25aad4ad86984518497', 'ergo-sandbox/tests/fixtures/mapping/m05-stop/different-true-expression.fixture': '0c1daddc6a9b2c6a96e4297ca036eed77f6b19f9b1264579f7af324b95f744da', 'ergo-sandbox/tests/fixtures/mapping/m05-stop/false-expression.fixture': '476e6d0b1136336ed078ded89ac56c8ce8dd33388e484e03601463ef6b90c119', 'ergo-sandbox/tests/fixtures/mapping/m05-stop/original.fixture': '0a875ce747ee45efcf2d7bbcd932388192fd14ed9b91f58523ffa4febcf31d8b', 'docs/mapping/m05-stop-evidence/boundary.log': '5a82c6335c684ae1914ca66d91b87cc60e12ed05fc81b37e2c542148e8b358c3'}}, {'command': ['cargo', 'test', '-p', 'ergo-sandbox', '--release', '--test', 'mapping_context_code', '--', '--show-output'], 'exitCode': 101, 'evidenceHashes': {'docs/mapping/m05-stop-evidence/registered-target.log': '8a2ece5702b04a40c79e03a4d75d3094f74b176d6a4a9a0b67dbd2083892760b'}}], 'retainedCapability': 'P00-P08 and M00-M04 unchanged. Exact direct Spend/authentication checking, explicit action sets and supplied Spend omission replay remain. A separate passing diagnostic replays two accepted distinct extension programs and a rejected false extension under the same pinned context_scope-positive root, SELF, state and guard. No M05 proof/action capability is registered or claimed. All 67 action expectations remain, with the four Execute dispositions deferred. daysSpent counts one working day touched, not exhaustion of the four-day ceiling. Commands use CARGO_TARGET_DIR=./target-p00. Work is uncommitted because .git is read-only.', 'unsupportedClass': 'The pinned supported context_scope-positive case mandates input-local execution but neither authenticates config nor constrains its extension hash. The full validator accepts 7f and 93a3a3 with different BLAKE2b-256 digests and identical P. Section 3.2 Execute(input,var,codeDigest) requires exact authenticated bytes, so the M05 supported-necessity and 67/67 action gates cannot both be met within section 3.4 and unchanged pinned answers. This is not a contradiction of an established claim: M03/M04 correctly left Execute unresolved. No arbitrary dispatch or caller-assumed extension constraint is introduced to make it pass.', 'reopenEvidenceRequired': 'An explicit governing design and versioned denominator decision reconciling context_scope-positive with exact authenticated Execute semantics, retaining every original fixture, expected fact, denominator and result as history; plus independent satisfying, omission and alternative-code controls for the replacement bounded config/hash idiom. Alternatively supply a sound derivation enforcing one fixed digest from the current exact bytes and permitted premises that explains both accepted distinct-digest witnesses without suppressing them. Reopening requires the original four M05 tests (or an explicitly governed replacement), all corpus metrics and the complete predecessor gates; no silent relabeling or scope expansion.'}

Diff is 5462 characters long. Set self.maxDiff to None to see it.

----------------------------------------------------------------------
Ran 16 tests in 0.029s

FAILED (failures=1)
policy/evidence: missing-gate: 'list' object has no attribute 'values'
report: /tmp/tmpzhe76eja/nested/report.json
policy/evidence: missing-gate: 'NoneType' object has no attribute 'keys'
report: /tmp/tmp890xxo1p/nested/report.json
policy/evidence: missing-gate: division by zero
report: /tmp/tmp3870z7dd/nested/report.json
P00: failed: python test command failed
P01: stopped: dependency did not pass
P02: stopped: dependency did not pass
P03: stopped: dependency did not pass
P04: stopped: dependency did not pass
P05: stopped: dependency did not pass
P06: stopped: dependency did not pass
P07: stopped: dependency did not pass
P08: stopped: dependency did not pass
M00: stopped: dependency did not pass
M01: stopped: dependency did not pass
M02: stopped: dependency did not pass
M03: stopped: dependency did not pass
M04: stopped: dependency did not pass
M05: stopped: recorded stop blocks this unit
scoreboard: passed
P00: failed: python test command failed
P01: stopped: dependency did not pass
P02: stopped: dependency did not pass
P03: stopped: dependency did not pass
P04: stopped: dependency did not pass
P05: stopped: dependency did not pass
P06: stopped: dependency did not pass
P07: stopped: dependency did not pass
P08: stopped: dependency did not pass
M00: stopped: dependency did not pass
M01: stopped: dependency did not pass
M02: stopped: dependency did not pass
M03: stopped: dependency did not pass
M04: stopped: dependency did not pass
M05: stopped: recorded stop blocks this unit
report: <repo>/target-p00/roadmap-gates/M05.json
