M05: stopped: recorded stop blocks this unit
scoreboard: passed
M05: stopped: recorded stop blocks this unit
report: <tmp>/tmpalmx2f_d/report.json
M05: stopped: recorded stop blocks this unit
scoreboard: passed
M05: stopped: recorded stop blocks this unit
report: <tmp>/tmpa0qt2cm5/report.json
M05: stopped: recorded stop blocks this unit
scoreboard: passed
M05: stopped: recorded stop blocks this unit
report: <tmp>/tmpltooypny/report.json
M05: unimplemented: registered product unit is not implemented
..scoreboard: passed
M05: unimplemented: registered product unit is not implemented
report: <tmp>/tmp9yi4bi84/report.json
policy/evidence: missing-gate: stop evidence hash mismatch
report: <tmp>/tmp067r_i60/ci.json
A: failed: test failure
scoreboard: passed
A: failed: test failure
report: <tmp>/tmp82dq_b12/report.json
A: missing-gate: test failure
scoreboard: passed
A: missing-gate: test failure
report: <tmp>/tmp2lmis2gh/report.json
A: stopped: recorded stop blocks this unit
B: unimplemented: registered product unit is not implemented
scoreboard: passed
A: stopped: recorded stop blocks this unit
B: unimplemented: registered product unit is not implemented
report: <tmp>/tmpttpaz3s1/report.json
A: stopped: recorded stop blocks this unit
B: blocked: dependency did not pass
scoreboard: passed
A: stopped: recorded stop blocks this unit
B: blocked: dependency did not pass
report: <tmp>/tmptb1cdv_8/report.json
A: passed: required tests executed
.scoreboard: passed
A: passed: required tests executed
report: <tmp>/tmpbzn803m0/report.json
future: not-started: registered future unit has not started
later: not-started: registered future unit has not started
scoreboard: passed
future: not-started: registered future unit has not started
later: not-started: registered future unit has not started
report: <tmp>/tmp2j685_9y/report.json
future: unimplemented: registered product unit is not implemented
later: unimplemented: registered product unit is not implemented
scoreboard: passed
future: unimplemented: registered product unit is not implemented
later: unimplemented: registered product unit is not implemented
report: <tmp>/tmpf1beu369/report.json
future: unimplemented: registered product unit is not implemented
.....................
----------------------------------------------------------------------
Ran 24 tests in 0.499s

OK
scoreboard: passed
future: unimplemented: registered product unit is not implemented
report: <tmp>/tmpxskkdq78/report.json
policy/evidence: missing-gate: 'list' object has no attribute 'values'
report: <tmp>/tmp4bie7fmu/nested/report.json
policy/evidence: missing-gate: 'NoneType' object has no attribute 'keys'
report: <tmp>/tmp42g03zbs/nested/report.json
policy/evidence: missing-gate: division by zero
report: <tmp>/tmpttnigcb7/nested/report.json
