A: stopped: recorded stop blocks this unit
scoreboard: passed
A: stopped: recorded stop blocks this unit
report: <tmp>/tmp_u4yc249/report.json
A: stopped: recorded stop blocks this unit
scoreboard: passed
A: stopped: recorded stop blocks this unit
report: <tmp>/tmpr0fnpmpm/report.json
A: stopped: recorded stop blocks this unit
scoreboard: passed
A: stopped: recorded stop blocks this unit
report: <tmp>/tmpglwu8h9o/report.json
A: unimplemented: registered product unit is not implemented
..scoreboard: passed
A: unimplemented: registered product unit is not implemented
report: <tmp>/tmpp0h00s8q/report.json
policy/evidence: missing-gate: stop evidence hash mismatch
report: <tmp>/tmp4zr_3a7e/ci.json
A: failed: test failure
scoreboard: passed
A: failed: test failure
report: <tmp>/tmpadnt3l2x/report.json
A: missing-gate: test failure
scoreboard: passed
A: missing-gate: test failure
report: <tmp>/tmp1dd0xq5l/report.json
A: stopped: recorded stop blocks this unit
B: unimplemented: registered product unit is not implemented
scoreboard: passed
A: stopped: recorded stop blocks this unit
B: unimplemented: registered product unit is not implemented
report: <tmp>/tmpiq76akg1/report.json
A: stopped: recorded stop blocks this unit
B: blocked: dependency did not pass
scoreboard: passed
A: stopped: recorded stop blocks this unit
B: blocked: dependency did not pass
report: <tmp>/tmp8h09is8o/report.json
A: passed: required tests executed
..................
----------------------------------------------------------------------
Ran 20 tests in 0.045s

OK
scoreboard: passed
A: passed: required tests executed
report: <tmp>/tmpn3escdza/report.json
policy/evidence: missing-gate: 'list' object has no attribute 'values'
report: <tmp>/tmpma7gjhuu/nested/report.json
policy/evidence: missing-gate: 'NoneType' object has no attribute 'keys'
report: <tmp>/tmpi5zj8vd6/nested/report.json
policy/evidence: missing-gate: division by zero
report: <tmp>/tmpt54l931s/nested/report.json
