error: no test target named `property_inventory` in `ergo-sandbox` package
help: available test targets:
    audit
    audit_context
    claim_contract
    claim_replay
    cli_hunt
    cli_json
    cli_match
    compile_params
    compose
    decompile_ast
    decompile_corpus
    decompile_robustness
    decompile_roundtrip
    delegated_reserves
    drain
    drain_promotion
    evidence_provenance
    evidence_wire
    hot_spots
    hunt
    identity
    ingest
    map
    mapping_actions
    mapping_artifacts
    mapping_context_boundary
    mapping_discovery
    mapping_inventory
    mapping_necessity
    method_sweep
    more_lints
    mutation_corpus
    node_validation
    obligation_reports
    payment_reserves
    play
    proofs
    recognize
    rent
    sandbox_eval
    testsuite
    transaction_proofs
    tree
    triage
    txcheck
    vault_corpus
